{"type":"server-started","port":58948,"host":"127.0.0.1","url_host":"localhost","url":"http://localhost:58948","screen_dir":"/Users/kmini/Documents/Dev/MERLx-website/.superpowers/brainstorm/67355-1777547147/content","state_dir":"/Users/kmini/Documents/Dev/MERLx-website/.superpowers/brainstorm/67355-1777547147/state"}
{"type":"screen-added","file":"/Users/kmini/Documents/Dev/MERLx-website/.superpowers/brainstorm/67355-1777547147/content/hero-register-v2.html"}
{"type":"screen-updated","file":"/Users/kmini/Documents/Dev/MERLx-website/.superpowers/brainstorm/67355-1777547147/content/hero-register-v2.html"}
{"type":"screen-updated","file":"/Users/kmini/Documents/Dev/MERLx-website/.superpowers/brainstorm/67355-1777547147/content/hero-register-v2.html"}
{"type":"screen-updated","file":"/Users/kmini/Documents/Dev/MERLx-website/.superpowers/brainstorm/67355-1777547147/content/hero-register-v2.html"}
{"source":"user-event","type":"click","text":"−\n    \n      Less data, more editorial\n      Move the proof strip lower on the page (separate section), keep hero pure editorial.","choice":"more-edit","id":null,"timestamp":1777547209819}
{"source":"user-event","type":"click","text":"−\n    \n      Less data, more editorial\n      Move the proof strip lower on the page (separate section), keep hero pure editorial.","choice":"more-edit","id":null,"timestamp":1777547214480}
{"source":"user-event","type":"click","text":"−\n    \n      Less data, more editorial\n      Move the proof strip lower on the page (separate section), keep hero pure editorial.","choice":"more-edit","id":null,"timestamp":1777547221979}
{"source":"user-event","type":"click","text":"−\n    \n      Less data, more editorial\n      Move the proof strip lower on the page (separate section), keep hero pure editorial.","choice":"more-edit","id":null,"timestamp":1777547222135}
{"source":"user-event","type":"click","text":"−\n    \n      Less data, more editorial\n      Move the proof strip lower on the page (separate section), keep hero pure editorial.","choice":"more-edit","id":null,"timestamp":1777547222656}
{"source":"user-event","type":"click","text":"+\n    \n      More data, less editorial\n      Push the proof strip higher (above the title) and shrink the lede. More dashboard-ish.","choice":"more-data","id":null,"timestamp":1777547230621}
{"source":"user-event","type":"click","text":"−\n    \n      Less data, more editorial\n      Move the proof strip lower on the page (separate section), keep hero pure editorial.","choice":"more-edit","id":null,"timestamp":1777547231795}
{"type":"screen-added","file":"/Users/kmini/Documents/Dev/MERLx-website/.superpowers/brainstorm/67355-1777547147/content/hero-register-v3.html"}
{"type":"screen-updated","file":"/Users/kmini/Documents/Dev/MERLx-website/.superpowers/brainstorm/67355-1777547147/content/hero-register-v3.html"}
{"type":"screen-updated","file":"/Users/kmini/Documents/Dev/MERLx-website/.superpowers/brainstorm/67355-1777547147/content/hero-register-v3.html"}
{"source":"user-event","type":"click","text":"✓\n    \n      Lock this\n      Editorial left, live-data right (mini map + lineage line).","choice":"lock","id":null,"timestamp":1777547464820}
{"type":"screen-added","file":"/Users/kmini/Documents/Dev/MERLx-website/.superpowers/brainstorm/67355-1777547147/content/hero-v4.html"}
{"type":"screen-updated","file":"/Users/kmini/Documents/Dev/MERLx-website/.superpowers/brainstorm/67355-1777547147/content/hero-v4.html"}
{"type":"screen-updated","file":"/Users/kmini/Documents/Dev/MERLx-website/.superpowers/brainstorm/67355-1777547147/content/hero-v4.html"}
{"type":"screen-updated","file":"/Users/kmini/Documents/Dev/MERLx-website/.superpowers/brainstorm/67355-1777547147/content/hero-v4.html"}
{"type":"screen-updated","file":"/Users/kmini/Documents/Dev/MERLx-website/.superpowers/brainstorm/67355-1777547147/content/hero-v4.html"}
{"type":"screen-added","file":"/Users/kmini/Documents/Dev/MERLx-website/.superpowers/brainstorm/67355-1777547147/content/hero-v5-real-logo.html"}
{"type":"screen-updated","file":"/Users/kmini/Documents/Dev/MERLx-website/.superpowers/brainstorm/67355-1777547147/content/hero-v5-real-logo.html"}
{"type":"screen-updated","file":"/Users/kmini/Documents/Dev/MERLx-website/.superpowers/brainstorm/67355-1777547147/content/hero-v5-real-logo.html"}
{"type":"screen-updated","file":"/Users/kmini/Documents/Dev/MERLx-website/.superpowers/brainstorm/67355-1777547147/content/hero-v5-real-logo.html"}
{"source":"user-event","type":"click","text":"?\n    \n      Other refinement\n      Describe in terminal.","choice":"other","id":null,"timestamp":1777549720561}
{"type":"screen-added","file":"/Users/kmini/Documents/Dev/MERLx-website/.superpowers/brainstorm/67355-1777547147/content/hero-v6-three-layer.html"}
{"type":"screen-updated","file":"/Users/kmini/Documents/Dev/MERLx-website/.superpowers/brainstorm/67355-1777547147/content/hero-v6-three-layer.html"}
{"type":"screen-updated","file":"/Users/kmini/Documents/Dev/MERLx-website/.superpowers/brainstorm/67355-1777547147/content/hero-v6-three-layer.html"}
{"type":"screen-updated","file":"/Users/kmini/Documents/Dev/MERLx-website/.superpowers/brainstorm/67355-1777547147/content/hero-v6-three-layer.html"}
{"type":"screen-updated","file":"/Users/kmini/Documents/Dev/MERLx-website/.superpowers/brainstorm/67355-1777547147/content/hero-v6-three-layer.html"}
{"type":"screen-added","file":"/Users/kmini/Documents/Dev/MERLx-website/.superpowers/brainstorm/67355-1777547147/content/landing-v7-conglomerate.html"}
{"type":"screen-updated","file":"/Users/kmini/Documents/Dev/MERLx-website/.superpowers/brainstorm/67355-1777547147/content/landing-v7-conglomerate.html"}
{"type":"screen-updated","file":"/Users/kmini/Documents/Dev/MERLx-website/.superpowers/brainstorm/67355-1777547147/content/landing-v7-conglomerate.html"}
{"type":"screen-added","file":"/Users/kmini/Documents/Dev/MERLx-website/.superpowers/brainstorm/67355-1777547147/content/landing-v8-hover-split.html"}
{"type":"screen-updated","file":"/Users/kmini/Documents/Dev/MERLx-website/.superpowers/brainstorm/67355-1777547147/content/landing-v8-hover-split.html"}
{"type":"screen-updated","file":"/Users/kmini/Documents/Dev/MERLx-website/.superpowers/brainstorm/67355-1777547147/content/landing-v8-hover-split.html"}
{"type":"screen-added","file":"/Users/kmini/Documents/Dev/MERLx-website/.superpowers/brainstorm/67355-1777547147/content/landing-v9-color-spotlight.html"}
{"type":"screen-updated","file":"/Users/kmini/Documents/Dev/MERLx-website/.superpowers/brainstorm/67355-1777547147/content/landing-v9-color-spotlight.html"}
{"type":"screen-updated","file":"/Users/kmini/Documents/Dev/MERLx-website/.superpowers/brainstorm/67355-1777547147/content/landing-v9-color-spotlight.html"}
{"type":"screen-updated","file":"/Users/kmini/Documents/Dev/MERLx-website/.superpowers/brainstorm/67355-1777547147/content/landing-v9-color-spotlight.html"}
{"type":"screen-added","file":"/Users/kmini/Documents/Dev/MERLx-website/.superpowers/brainstorm/67355-1777547147/content/landing-v10-overlay.html"}
{"type":"screen-updated","file":"/Users/kmini/Documents/Dev/MERLx-website/.superpowers/brainstorm/67355-1777547147/content/landing-v10-overlay.html"}
{"type":"screen-updated","file":"/Users/kmini/Documents/Dev/MERLx-website/.superpowers/brainstorm/67355-1777547147/content/landing-v10-overlay.html"}
{"type":"screen-updated","file":"/Users/kmini/Documents/Dev/MERLx-website/.superpowers/brainstorm/67355-1777547147/content/landing-v10-overlay.html"}
{"source":"user-event","type":"click","text":"+\n    \n      Bigger overlap\n      Push the hovered side wider (e.g., 70%) so it covers more of the inactive content.","choice":"more-overlap","id":null,"timestamp":1777552393840}
{"type":"screen-added","file":"/Users/kmini/Documents/Dev/MERLx-website/.superpowers/brainstorm/67355-1777547147/content/landing-v11-asymmetric.html"}
{"type":"screen-updated","file":"/Users/kmini/Documents/Dev/MERLx-website/.superpowers/brainstorm/67355-1777547147/content/landing-v11-asymmetric.html"}
{"type":"screen-updated","file":"/Users/kmini/Documents/Dev/MERLx-website/.superpowers/brainstorm/67355-1777547147/content/landing-v11-asymmetric.html"}
{"type":"screen-updated","file":"/Users/kmini/Documents/Dev/MERLx-website/.superpowers/brainstorm/67355-1777547147/content/landing-v11-asymmetric.html"}
{"type":"screen-updated","file":"/Users/kmini/Documents/Dev/MERLx-website/.superpowers/brainstorm/67355-1777547147/content/landing-v11-asymmetric.html"}
{"type":"screen-added","file":"/Users/kmini/Documents/Dev/MERLx-website/.superpowers/brainstorm/67355-1777547147/content/landing-v12-leftalign.html"}
{"type":"screen-updated","file":"/Users/kmini/Documents/Dev/MERLx-website/.superpowers/brainstorm/67355-1777547147/content/landing-v12-leftalign.html"}
{"type":"screen-updated","file":"/Users/kmini/Documents/Dev/MERLx-website/.superpowers/brainstorm/67355-1777547147/content/landing-v12-leftalign.html"}
{"type":"screen-updated","file":"/Users/kmini/Documents/Dev/MERLx-website/.superpowers/brainstorm/67355-1777547147/content/landing-v12-leftalign.html"}
{"type":"screen-updated","file":"/Users/kmini/Documents/Dev/MERLx-website/.superpowers/brainstorm/67355-1777547147/content/landing-v12-leftalign.html"}
{"type":"screen-added","file":"/Users/kmini/Documents/Dev/MERLx-website/.superpowers/brainstorm/67355-1777547147/content/landing-v13-minimalist-white.html"}
{"type":"screen-updated","file":"/Users/kmini/Documents/Dev/MERLx-website/.superpowers/brainstorm/67355-1777547147/content/landing-v13-minimalist-white.html"}
{"type":"screen-updated","file":"/Users/kmini/Documents/Dev/MERLx-website/.superpowers/brainstorm/67355-1777547147/content/landing-v13-minimalist-white.html"}
{"type":"screen-updated","file":"/Users/kmini/Documents/Dev/MERLx-website/.superpowers/brainstorm/67355-1777547147/content/landing-v13-minimalist-white.html"}
{"type":"screen-updated","file":"/Users/kmini/Documents/Dev/MERLx-website/.superpowers/brainstorm/67355-1777547147/content/landing-v13-minimalist-white.html"}
{"source":"user-event","type":"click","text":"D\n    \n      Try inverted-on-hover instead\n      Hover Studio → side becomes dark teal panel with cream text. Hover Network → side becomes dark warm panel. High-contrast minimalist.","choice":"dark-hover","id":null,"timestamp":1777553470028}
{"type":"screen-added","file":"/Users/kmini/Documents/Dev/MERLx-website/.superpowers/brainstorm/67355-1777547147/content/color-swatches-v14.html"}
{"type":"screen-updated","file":"/Users/kmini/Documents/Dev/MERLx-website/.superpowers/brainstorm/67355-1777547147/content/color-swatches-v14.html"}
{"type":"screen-updated","file":"/Users/kmini/Documents/Dev/MERLx-website/.superpowers/brainstorm/67355-1777547147/content/color-swatches-v14.html"}
{"type":"screen-updated","file":"/Users/kmini/Documents/Dev/MERLx-website/.superpowers/brainstorm/67355-1777547147/content/color-swatches-v14.html"}
{"source":"user-event","type":"click","text":"A\n    \n      A · Warm-white minimalist\n      Single off-white field, no resting tints, colour only in accents. Cleanest, lightest.","choice":"A","id":null,"timestamp":1777553911280}
{"type":"screen-added","file":"/Users/kmini/Documents/Dev/MERLx-website/.superpowers/brainstorm/67355-1777547147/content/landing-v15-warmwhite.html"}
{"type":"screen-updated","file":"/Users/kmini/Documents/Dev/MERLx-website/.superpowers/brainstorm/67355-1777547147/content/landing-v15-warmwhite.html"}
{"type":"screen-updated","file":"/Users/kmini/Documents/Dev/MERLx-website/.superpowers/brainstorm/67355-1777547147/content/landing-v15-warmwhite.html"}
{"type":"screen-updated","file":"/Users/kmini/Documents/Dev/MERLx-website/.superpowers/brainstorm/67355-1777547147/content/landing-v15-warmwhite.html"}
{"type":"screen-updated","file":"/Users/kmini/Documents/Dev/MERLx-website/.superpowers/brainstorm/67355-1777547147/content/landing-v15-warmwhite.html"}
{"type":"screen-added","file":"/Users/kmini/Documents/Dev/MERLx-website/.superpowers/brainstorm/67355-1777547147/content/landing-v16-color-swap.html"}
{"type":"screen-updated","file":"/Users/kmini/Documents/Dev/MERLx-website/.superpowers/brainstorm/67355-1777547147/content/landing-v16-color-swap.html"}
{"type":"screen-updated","file":"/Users/kmini/Documents/Dev/MERLx-website/.superpowers/brainstorm/67355-1777547147/content/landing-v16-color-swap.html"}
{"type":"screen-updated","file":"/Users/kmini/Documents/Dev/MERLx-website/.superpowers/brainstorm/67355-1777547147/content/landing-v16-color-swap.html"}
{"type":"screen-added","file":"/Users/kmini/Documents/Dev/MERLx-website/.superpowers/brainstorm/67355-1777547147/content/waiting.html"}
{"type":"screen-updated","file":"/Users/kmini/Documents/Dev/MERLx-website/.superpowers/brainstorm/67355-1777547147/content/waiting.html"}
{"type":"screen-updated","file":"/Users/kmini/Documents/Dev/MERLx-website/.superpowers/brainstorm/67355-1777547147/content/waiting.html"}
{"type":"screen-updated","file":"/Users/kmini/Documents/Dev/MERLx-website/.superpowers/brainstorm/67355-1777547147/content/waiting.html"}
{"type":"screen-updated","file":"/Users/kmini/Documents/Dev/MERLx-website/.superpowers/brainstorm/67355-1777547147/content/waiting.html"}
{"type":"server-stopped","reason":"idle timeout"}
